{
  "version": "1.5.0",
  "plugins_used": [
    {
      "name": "ArtifactoryDetector"
    },
    {
      "name": "AWSKeyDetector"
    },
    {
      "name": "AzureStorageKeyDetector"
    },
    {
      "name": "Base64HighEntropyString",
      "limit": 4.5
    },
    {
      "name": "BasicAuthDetector"
    },
    {
      "name": "CloudantDetector"
    },
    {
      "name": "DiscordBotTokenDetector"
    },
    {
      "name": "GitHubTokenDetector"
    },
    {
      "name": "GitLabTokenDetector"
    },
    {
      "name": "HexHighEntropyString",
      "limit": 3.0
    },
    {
      "name": "IbmCloudIamDetector"
    },
    {
      "name": "IbmCosHmacDetector"
    },
    {
      "name": "IPPublicDetector"
    },
    {
      "name": "JwtTokenDetector"
    },
    {
      "name": "KeywordDetector",
      "keyword_exclude": ""
    },
    {
      "name": "MailchimpDetector"
    },
    {
      "name": "NpmDetector"
    },
    {
      "name": "OpenAIDetector"
    },
    {
      "name": "PrivateKeyDetector"
    },
    {
      "name": "PypiTokenDetector"
    },
    {
      "name": "SendGridDetector"
    },
    {
      "name": "SlackDetector"
    },
    {
      "name": "SoftlayerDetector"
    },
    {
      "name": "SquareOAuthDetector"
    },
    {
      "name": "StripeDetector"
    },
    {
      "name": "TelegramBotTokenDetector"
    },
    {
      "name": "TwilioKeyDetector"
    }
  ],
  "filters_used": [
    {
      "path": "detect_secrets.filters.allowlist.is_line_allowlisted"
    },
    {
      "path": "detect_secrets.filters.common.is_baseline_file",
      "filename": ".secrets.baseline"
    },
    {
      "path": "detect_secrets.filters.common.is_ignored_due_to_verification_policies",
      "min_level": 2
    },
    {
      "path": "detect_secrets.filters.heuristic.is_indirect_reference"
    },
    {
      "path": "detect_secrets.filters.heuristic.is_likely_id_string"
    },
    {
      "path": "detect_secrets.filters.heuristic.is_lock_file"
    },
    {
      "path": "detect_secrets.filters.heuristic.is_not_alphanumeric_string"
    },
    {
      "path": "detect_secrets.filters.heuristic.is_potential_uuid"
    },
    {
      "path": "detect_secrets.filters.heuristic.is_prefixed_with_dollar_sign"
    },
    {
      "path": "detect_secrets.filters.heuristic.is_sequential_string"
    },
    {
      "path": "detect_secrets.filters.heuristic.is_swagger_file"
    },
    {
      "path": "detect_secrets.filters.heuristic.is_templated_secret"
    },
    {
      "path": "detect_secrets.filters.regex.should_exclude_file",
      "pattern": [
        "(^|/)(\\.git|\\.venv|\\.mypy_cache|\\.pytest_cache|\\.ruff_cache|build|dist)/"
      ]
    }
  ],
  "results": {
    "cpp/common/tests/identifier_test.cpp": [
      {
        "type": "Hex High Entropy String",
        "filename": "cpp/common/tests/identifier_test.cpp",
        "hashed_secret": "584a646789e2358ab3179d0bf81fb318b790182d",
        "is_verified": false,
        "line_number": 16
      }
    ],
    "cpp/common/tests/sha256_test.cpp": [
      {
        "type": "Hex High Entropy String",
        "filename": "cpp/common/tests/sha256_test.cpp",
        "hashed_secret": "dc2f974fdf0068443616b36e32afc798f25200c8",
        "is_verified": false,
        "line_number": 26
      },
      {
        "type": "Hex High Entropy String",
        "filename": "cpp/common/tests/sha256_test.cpp",
        "hashed_secret": "eeb5fd0eb34976686acdab9304b3d271f28727d1",
        "is_verified": false,
        "line_number": 27
      },
      {
        "type": "Hex High Entropy String",
        "filename": "cpp/common/tests/sha256_test.cpp",
        "hashed_secret": "e671a47358850c8d8faac20f502b3d83fbdf8d35",
        "is_verified": false,
        "line_number": 36
      },
      {
        "type": "Hex High Entropy String",
        "filename": "cpp/common/tests/sha256_test.cpp",
        "hashed_secret": "0f6dec964e8931bdcd543b8176c63c4dac217282",
        "is_verified": false,
        "line_number": 37
      },
      {
        "type": "Hex High Entropy String",
        "filename": "cpp/common/tests/sha256_test.cpp",
        "hashed_secret": "915a29a922a035f19b65972477b087df010693e3",
        "is_verified": false,
        "line_number": 48
      },
      {
        "type": "Hex High Entropy String",
        "filename": "cpp/common/tests/sha256_test.cpp",
        "hashed_secret": "2e001f9319b29f243b42d76c749918844e4a4b3c",
        "is_verified": false,
        "line_number": 49
      }
    ],
    "python/tests/test_contracts.py": [
      {
        "type": "Hex High Entropy String",
        "filename": "python/tests/test_contracts.py",
        "hashed_secret": "584a646789e2358ab3179d0bf81fb318b790182d",
        "is_verified": false,
        "line_number": 198
      }
    ],
    "schemas/golden/data_quality_v1.json": [
      {
        "type": "Hex High Entropy String",
        "filename": "schemas/golden/data_quality_v1.json",
        "hashed_secret": "11af231fe760a0955bf9bf87e05063e49c3fb6ff",
        "is_verified": false,
        "line_number": 5
      }
    ],
    "schemas/golden/event_intelligence_v1_4.json": [
      {
        "type": "Hex High Entropy String",
        "filename": "schemas/golden/event_intelligence_v1_4.json",
        "hashed_secret": "9f7fe464feefed3dfb85fdd267bc5b4acc24e5a3",
        "is_verified": false,
        "line_number": 5
      }
    ],
    "schemas/golden/model_forecast_v1_1.json": [
      {
        "type": "Hex High Entropy String",
        "filename": "schemas/golden/model_forecast_v1_1.json",
        "hashed_secret": "2d25972bf56f156fef967fe19a523cbdfe34db34",
        "is_verified": false,
        "line_number": 5
      }
    ],
    "schemas/golden/model_forecast_v1_2.json": [
      {
        "type": "Hex High Entropy String",
        "filename": "schemas/golden/model_forecast_v1_2.json",
        "hashed_secret": "5b705a88541ed796d523bba5dedc3289abcf3b95",
        "is_verified": false,
        "line_number": 5
      }
    ],
    "schemas/golden/model_forecast_v1_3.json": [
      {
        "type": "Hex High Entropy String",
        "filename": "schemas/golden/model_forecast_v1_3.json",
        "hashed_secret": "de9a0b61570089a7c1f7831c29c895efcbf16d6c",
        "is_verified": false,
        "line_number": 5
      }
    ]
  },
  "generated_at": "2026-08-31T05:20:06Z"
}
