{
  "version": "1.5.0",
  "plugins_used": [
    {
      "name": "ArtifactoryDetector"
    },
    {
      "name": "AWSKeyDetector"
    },
    {
      "name": "AzureStorageKeyDetector"
    },
    {
      "name": "Base64HighEntropyString",
      "limit": 4.5
    },
    {
      "name": "BasicAuthDetector"
    },
    {
      "name": "CloudantDetector"
    },
    {
      "name": "DiscordBotTokenDetector"
    },
    {
      "name": "GitHubTokenDetector"
    },
    {
      "name": "GitLabTokenDetector"
    },
    {
      "name": "HexHighEntropyString",
      "limit": 3.0
    },
    {
      "name": "IbmCloudIamDetector"
    },
    {
      "name": "IbmCosHmacDetector"
    },
    {
      "name": "IPPublicDetector"
    },
    {
      "name": "JwtTokenDetector"
    },
    {
      "name": "KeywordDetector",
      "keyword_exclude": ""
    },
    {
      "name": "MailchimpDetector"
    },
    {
      "name": "NpmDetector"
    },
    {
      "name": "OpenAIDetector"
    },
    {
      "name": "PrivateKeyDetector"
    },
    {
      "name": "PypiTokenDetector"
    },
    {
      "name": "SendGridDetector"
    },
    {
      "name": "SlackDetector"
    },
    {
      "name": "SoftlayerDetector"
    },
    {
      "name": "SquareOAuthDetector"
    },
    {
      "name": "StripeDetector"
    },
    {
      "name": "TelegramBotTokenDetector"
    },
    {
      "name": "TwilioKeyDetector"
    }
  ],
  "filters_used": [
    {
      "path": "detect_secrets.filters.allowlist.is_line_allowlisted"
    },
    {
      "path": "detect_secrets.filters.common.is_baseline_file",
      "filename": ".secrets.baseline"
    },
    {
      "path": "detect_secrets.filters.common.is_ignored_due_to_verification_policies",
      "min_level": 2
    },
    {
      "path": "detect_secrets.filters.heuristic.is_indirect_reference"
    },
    {
      "path": "detect_secrets.filters.heuristic.is_likely_id_string"
    },
    {
      "path": "detect_secrets.filters.heuristic.is_lock_file"
    },
    {
      "path": "detect_secrets.filters.heuristic.is_not_alphanumeric_string"
    },
    {
      "path": "detect_secrets.filters.heuristic.is_potential_uuid"
    },
    {
      "path": "detect_secrets.filters.heuristic.is_prefixed_with_dollar_sign"
    },
    {
      "path": "detect_secrets.filters.heuristic.is_sequential_string"
    },
    {
      "path": "detect_secrets.filters.heuristic.is_swagger_file"
    },
    {
      "path": "detect_secrets.filters.heuristic.is_templated_secret"
    },
    {
      "path": "detect_secrets.filters.regex.should_exclude_file",
      "pattern": [
        "(^|/)(\\.git|\\.venv|\\.mypy_cache|\\.pytest_cache|\\.ruff_cache|build|dist)/"
      ]
    }
  ],
  "results": {
    "cpp/common/tests/identifier_test.cpp": [
      {
        "type": "Hex High Entropy String",
        "filename": "cpp/common/tests/identifier_test.cpp",
        "hashed_secret": "584a646789e2358ab3179d0bf81fb318b790182d",
        "is_verified": false,
        "line_number": 16
      }
    ],
    "cpp/common/tests/sha256_test.cpp": [
      {
        "type": "Hex High Entropy String",
        "filename": "cpp/common/tests/sha256_test.cpp",
        "hashed_secret": "dc2f974fdf0068443616b36e32afc798f25200c8",
        "is_verified": false,
        "line_number": 26
      },
      {
        "type": "Hex High Entropy String",
        "filename": "cpp/common/tests/sha256_test.cpp",
        "hashed_secret": "eeb5fd0eb34976686acdab9304b3d271f28727d1",
        "is_verified": false,
        "line_number": 27
      },
      {
        "type": "Hex High Entropy String",
        "filename": "cpp/common/tests/sha256_test.cpp",
        "hashed_secret": "e671a47358850c8d8faac20f502b3d83fbdf8d35",
        "is_verified": false,
        "line_number": 36
      },
      {
        "type": "Hex High Entropy String",
        "filename": "cpp/common/tests/sha256_test.cpp",
        "hashed_secret": "0f6dec964e8931bdcd543b8176c63c4dac217282",
        "is_verified": false,
        "line_number": 37
      },
      {
        "type": "Hex High Entropy String",
        "filename": "cpp/common/tests/sha256_test.cpp",
        "hashed_secret": "915a29a922a035f19b65972477b087df010693e3",
        "is_verified": false,
        "line_number": 48
      },
      {
        "type": "Hex High Entropy String",
        "filename": "cpp/common/tests/sha256_test.cpp",
        "hashed_secret": "2e001f9319b29f243b42d76c749918844e4a4b3c",
        "is_verified": false,
        "line_number": 49
      }
    ],
    "docs/testing/evidence/paper-soak-19436646/execution-metadata.json": [
      {
        "type": "Hex High Entropy String",
        "filename": "docs/testing/evidence/paper-soak-19436646/execution-metadata.json",
        "hashed_secret": "79dd6c373f6f2c5f03f67684a29f20b7e61d7d0b",
        "is_verified": false,
        "line_number": 12
      },
      {
        "type": "Hex High Entropy String",
        "filename": "docs/testing/evidence/paper-soak-19436646/execution-metadata.json",
        "hashed_secret": "2da931286a434d4e4adb13816e8eb6ed1b4d2a9b",
        "is_verified": false,
        "line_number": 18
      },
      {
        "type": "Hex High Entropy String",
        "filename": "docs/testing/evidence/paper-soak-19436646/execution-metadata.json",
        "hashed_secret": "8cc389e76ea5bf57fe32d63b05a0b438939cf1e3",
        "is_verified": false,
        "line_number": 28
      }
    ],
    "docs/testing/evidence/paper-soak-19436646/paper-soak-report.json": [
      {
        "type": "Hex High Entropy String",
        "filename": "docs/testing/evidence/paper-soak-19436646/paper-soak-report.json",
        "hashed_secret": "430cf2f022f35103b63233e90f8c1052adccc51c",
        "is_verified": false,
        "line_number": 39
      },
      {
        "type": "Hex High Entropy String",
        "filename": "docs/testing/evidence/paper-soak-19436646/paper-soak-report.json",
        "hashed_secret": "c11f09ca26f6cc6e0f696982c6fccee7e9f3b31f",
        "is_verified": false,
        "line_number": 43
      },
      {
        "type": "Hex High Entropy String",
        "filename": "docs/testing/evidence/paper-soak-19436646/paper-soak-report.json",
        "hashed_secret": "79dd6c373f6f2c5f03f67684a29f20b7e61d7d0b",
        "is_verified": false,
        "line_number": 89
      }
    ],
    "docs/testing/evidence/paper-soak-19436646/worker-0-load.json": [
      {
        "type": "Hex High Entropy String",
        "filename": "docs/testing/evidence/paper-soak-19436646/worker-0-load.json",
        "hashed_secret": "79dd6c373f6f2c5f03f67684a29f20b7e61d7d0b",
        "is_verified": false,
        "line_number": 9
      }
    ],
    "docs/testing/evidence/paper-soak-19436646/worker-0-probes.ndjson": [
      {
        "type": "Hex High Entropy String",
        "filename": "docs/testing/evidence/paper-soak-19436646/worker-0-probes.ndjson",
        "hashed_secret": "3bac33e7f1da6f405c258bd5d314ec392efd7a22",
        "is_verified": false,
        "line_number": 1
      },
      {
        "type": "Hex High Entropy String",
        "filename": "docs/testing/evidence/paper-soak-19436646/worker-0-probes.ndjson",
        "hashed_secret": "d84225297f8228b8f454cd2433c536736f508a93",
        "is_verified": false,
        "line_number": 1
      },
      {
        "type": "Hex High Entropy String",
        "filename": "docs/testing/evidence/paper-soak-19436646/worker-0-probes.ndjson",
        "hashed_secret": "5c91883e3941b86f00603f375aabeff114c08aee",
        "is_verified": false,
        "line_number": 2
      },
      {
        "type": "Hex High Entropy String",
        "filename": "docs/testing/evidence/paper-soak-19436646/worker-0-probes.ndjson",
        "hashed_secret": "069405ecbd253135da6b9ab77875b8b1a416e375",
        "is_verified": false,
        "line_number": 3
      },
      {
        "type": "Hex High Entropy String",
        "filename": "docs/testing/evidence/paper-soak-19436646/worker-0-probes.ndjson",
        "hashed_secret": "fcd1a1dc67a824aa57ab62999517c367aa7e4f88",
        "is_verified": false,
        "line_number": 4
      },
      {
        "type": "Hex High Entropy String",
        "filename": "docs/testing/evidence/paper-soak-19436646/worker-0-probes.ndjson",
        "hashed_secret": "6cd742dca548b5922b5d9194e2ecfe41bb583c6e",
        "is_verified": false,
        "line_number": 5
      },
      {
        "type": "Hex High Entropy String",
        "filename": "docs/testing/evidence/paper-soak-19436646/worker-0-probes.ndjson",
        "hashed_secret": "844e3a34e484f53638d5d0db9ab54e7847acb3bf",
        "is_verified": false,
        "line_number": 6
      },
      {
        "type": "Hex High Entropy String",
        "filename": "docs/testing/evidence/paper-soak-19436646/worker-0-probes.ndjson",
        "hashed_secret": "40986b85289714cc5dfc1c003dd92cc64a55e9ee",
        "is_verified": false,
        "line_number": 7
      },
      {
        "type": "Hex High Entropy String",
        "filename": "docs/testing/evidence/paper-soak-19436646/worker-0-probes.ndjson",
        "hashed_secret": "740da9b827707fe3f7e7916eeb6a05eb90a9a1c4",
        "is_verified": false,
        "line_number": 7
      },
      {
        "type": "Hex High Entropy String",
        "filename": "docs/testing/evidence/paper-soak-19436646/worker-0-probes.ndjson",
        "hashed_secret": "8e24b71f33bdd9a29c19c3551f772a12579f3600",
        "is_verified": false,
        "line_number": 8
      },
      {
        "type": "Hex High Entropy String",
        "filename": "docs/testing/evidence/paper-soak-19436646/worker-0-probes.ndjson",
        "hashed_secret": "55d9f86634645eb18bd5c277bffaf0877c73b42f",
        "is_verified": false,
        "line_number": 13
      },
      {
        "type": "Hex High Entropy String",
        "filename": "docs/testing/evidence/paper-soak-19436646/worker-0-probes.ndjson",
        "hashed_secret": "b8e3114fe6ca89017c894c10a94056a391a26ae2",
        "is_verified": false,
        "line_number": 13
      },
      {
        "type": "Hex High Entropy String",
        "filename": "docs/testing/evidence/paper-soak-19436646/worker-0-probes.ndjson",
        "hashed_secret": "7a18fb2a4b650c906441cb297e22265943411d94",
        "is_verified": false,
        "line_number": 17
      },
      {
        "type": "Hex High Entropy String",
        "filename": "docs/testing/evidence/paper-soak-19436646/worker-0-probes.ndjson",
        "hashed_secret": "1e97321bbb7c5fd1c2a4fc957b8395a026ada8f6",
        "is_verified": false,
        "line_number": 18
      },
      {
        "type": "Hex High Entropy String",
        "filename": "docs/testing/evidence/paper-soak-19436646/worker-0-probes.ndjson",
        "hashed_secret": "1a2b3a33602bfaa7c981dc2d121ccf087cab8c88",
        "is_verified": false,
        "line_number": 19
      },
      {
        "type": "Hex High Entropy String",
        "filename": "docs/testing/evidence/paper-soak-19436646/worker-0-probes.ndjson",
        "hashed_secret": "b151107c4d6f7027ce5d0a3efb7b5a9f81efe552",
        "is_verified": false,
        "line_number": 19
      },
      {
        "type": "Hex High Entropy String",
        "filename": "docs/testing/evidence/paper-soak-19436646/worker-0-probes.ndjson",
        "hashed_secret": "3d5976e6e5e256151527b0ce1199f3b8f71ed825",
        "is_verified": false,
        "line_number": 21
      },
      {
        "type": "Hex High Entropy String",
        "filename": "docs/testing/evidence/paper-soak-19436646/worker-0-probes.ndjson",
        "hashed_secret": "796f8b97a067198554564e6ad72ea97843657e68",
        "is_verified": false,
        "line_number": 25
      },
      {
        "type": "Hex High Entropy String",
        "filename": "docs/testing/evidence/paper-soak-19436646/worker-0-probes.ndjson",
        "hashed_secret": "af7e125c92052279a617971cb03565c693a3995d",
        "is_verified": false,
        "line_number": 25
      },
      {
        "type": "Hex High Entropy String",
        "filename": "docs/testing/evidence/paper-soak-19436646/worker-0-probes.ndjson",
        "hashed_secret": "9eab976bcc523786e62060892f83bbf9f7b30d5a",
        "is_verified": false,
        "line_number": 29
      },
      {
        "type": "Hex High Entropy String",
        "filename": "docs/testing/evidence/paper-soak-19436646/worker-0-probes.ndjson",
        "hashed_secret": "9b3ee497cb5fb1149a2e0564fbad69b75e2fcabd",
        "is_verified": false,
        "line_number": 30
      },
      {
        "type": "Hex High Entropy String",
        "filename": "docs/testing/evidence/paper-soak-19436646/worker-0-probes.ndjson",
        "hashed_secret": "4641735faff064808aa1e2748de7a68d265b7fb2",
        "is_verified": false,
        "line_number": 31
      },
      {
        "type": "Hex High Entropy String",
        "filename": "docs/testing/evidence/paper-soak-19436646/worker-0-probes.ndjson",
        "hashed_secret": "939d5b7aa741d8b50885254072f820baa1a87dcb",
        "is_verified": false,
        "line_number": 31
      },
      {
        "type": "Hex High Entropy String",
        "filename": "docs/testing/evidence/paper-soak-19436646/worker-0-probes.ndjson",
        "hashed_secret": "58b57d6911c5e34f34d1c7c44dd34cacf8ca8df8",
        "is_verified": false,
        "line_number": 37
      },
      {
        "type": "Hex High Entropy String",
        "filename": "docs/testing/evidence/paper-soak-19436646/worker-0-probes.ndjson",
        "hashed_secret": "becef3ddd3865a457ebc5113de0042c2ae19fae6",
        "is_verified": false,
        "line_number": 37
      },
      {
        "type": "Hex High Entropy String",
        "filename": "docs/testing/evidence/paper-soak-19436646/worker-0-probes.ndjson",
        "hashed_secret": "cdb180865c6e69d025fddd98acda4023b2d432c9",
        "is_verified": false,
        "line_number": 43
      },
      {
        "type": "Hex High Entropy String",
        "filename": "docs/testing/evidence/paper-soak-19436646/worker-0-probes.ndjson",
        "hashed_secret": "e0963fb68fbd92de08c4febd1d4f08bf714a19c5",
        "is_verified": false,
        "line_number": 43
      },
      {
        "type": "Hex High Entropy String",
        "filename": "docs/testing/evidence/paper-soak-19436646/worker-0-probes.ndjson",
        "hashed_secret": "1e4226c877b9c500994b377ed07090a072ad67b1",
        "is_verified": false,
        "line_number": 49
      },
      {
        "type": "Hex High Entropy String",
        "filename": "docs/testing/evidence/paper-soak-19436646/worker-0-probes.ndjson",
        "hashed_secret": "ddd905198894a976e05a5d7944ba8d27865d153e",
        "is_verified": false,
        "line_number": 49
      },
      {
        "type": "Hex High Entropy String",
        "filename": "docs/testing/evidence/paper-soak-19436646/worker-0-probes.ndjson",
        "hashed_secret": "1157953d863264334be11a5df5a9b98dd68a7ef0",
        "is_verified": false,
        "line_number": 55
      },
      {
        "type": "Hex High Entropy String",
        "filename": "docs/testing/evidence/paper-soak-19436646/worker-0-probes.ndjson",
        "hashed_secret": "b0128b13a1244b0a5a2a59a92a2d416b92ee6672",
        "is_verified": false,
        "line_number": 55
      }
    ],
    "docs/testing/evidence/paper-soak-19436646/worker-0.json": [
      {
        "type": "Hex High Entropy String",
        "filename": "docs/testing/evidence/paper-soak-19436646/worker-0.json",
        "hashed_secret": "0112665eae1973c9911e5252bdc9b2b790d35293",
        "is_verified": false,
        "line_number": 34
      },
      {
        "type": "Hex High Entropy String",
        "filename": "docs/testing/evidence/paper-soak-19436646/worker-0.json",
        "hashed_secret": "fe6e700de1fb191e48cf3b79d8ac1f504a1591d8",
        "is_verified": false,
        "line_number": 36
      },
      {
        "type": "Hex High Entropy String",
        "filename": "docs/testing/evidence/paper-soak-19436646/worker-0.json",
        "hashed_secret": "e7b4c2e7457ff11088b3c4091003392ab813f5b3",
        "is_verified": false,
        "line_number": 38
      },
      {
        "type": "Hex High Entropy String",
        "filename": "docs/testing/evidence/paper-soak-19436646/worker-0.json",
        "hashed_secret": "79dd6c373f6f2c5f03f67684a29f20b7e61d7d0b",
        "is_verified": false,
        "line_number": 97
      }
    ],
    "docs/testing/evidence/paper-soak-19436646/worker-1-load.json": [
      {
        "type": "Hex High Entropy String",
        "filename": "docs/testing/evidence/paper-soak-19436646/worker-1-load.json",
        "hashed_secret": "79dd6c373f6f2c5f03f67684a29f20b7e61d7d0b",
        "is_verified": false,
        "line_number": 9
      }
    ],
    "docs/testing/evidence/paper-soak-19436646/worker-1-probes.ndjson": [
      {
        "type": "Hex High Entropy String",
        "filename": "docs/testing/evidence/paper-soak-19436646/worker-1-probes.ndjson",
        "hashed_secret": "8bcffa023c9d5937868ebdc925180bb8d60d6f16",
        "is_verified": false,
        "line_number": 1
      },
      {
        "type": "Hex High Entropy String",
        "filename": "docs/testing/evidence/paper-soak-19436646/worker-1-probes.ndjson",
        "hashed_secret": "ba5a67c5976d2737ee5035d27a37ce8f48d92d46",
        "is_verified": false,
        "line_number": 1
      },
      {
        "type": "Hex High Entropy String",
        "filename": "docs/testing/evidence/paper-soak-19436646/worker-1-probes.ndjson",
        "hashed_secret": "448dd642cf3245e101a8a767a8dec418485bd454",
        "is_verified": false,
        "line_number": 2
      },
      {
        "type": "Hex High Entropy String",
        "filename": "docs/testing/evidence/paper-soak-19436646/worker-1-probes.ndjson",
        "hashed_secret": "069405ecbd253135da6b9ab77875b8b1a416e375",
        "is_verified": false,
        "line_number": 3
      },
      {
        "type": "Hex High Entropy String",
        "filename": "docs/testing/evidence/paper-soak-19436646/worker-1-probes.ndjson",
        "hashed_secret": "fcd1a1dc67a824aa57ab62999517c367aa7e4f88",
        "is_verified": false,
        "line_number": 4
      },
      {
        "type": "Hex High Entropy String",
        "filename": "docs/testing/evidence/paper-soak-19436646/worker-1-probes.ndjson",
        "hashed_secret": "6cd742dca548b5922b5d9194e2ecfe41bb583c6e",
        "is_verified": false,
        "line_number": 5
      },
      {
        "type": "Hex High Entropy String",
        "filename": "docs/testing/evidence/paper-soak-19436646/worker-1-probes.ndjson",
        "hashed_secret": "1fbd8b9ead5d9437929b743f15c5cc6f43b05251",
        "is_verified": false,
        "line_number": 6
      },
      {
        "type": "Hex High Entropy String",
        "filename": "docs/testing/evidence/paper-soak-19436646/worker-1-probes.ndjson",
        "hashed_secret": "0ae2d533ce1bdf8057b036cf1df1ba68d3483d3d",
        "is_verified": false,
        "line_number": 7
      },
      {
        "type": "Hex High Entropy String",
        "filename": "docs/testing/evidence/paper-soak-19436646/worker-1-probes.ndjson",
        "hashed_secret": "6804ed3e0ebdc4e75e7b309737cb90450091fceb",
        "is_verified": false,
        "line_number": 7
      },
      {
        "type": "Hex High Entropy String",
        "filename": "docs/testing/evidence/paper-soak-19436646/worker-1-probes.ndjson",
        "hashed_secret": "8e24b71f33bdd9a29c19c3551f772a12579f3600",
        "is_verified": false,
        "line_number": 8
      },
      {
        "type": "Hex High Entropy String",
        "filename": "docs/testing/evidence/paper-soak-19436646/worker-1-probes.ndjson",
        "hashed_secret": "20fcf22a717c9fde0dec5075fcf0ef32e06b7cd2",
        "is_verified": false,
        "line_number": 13
      },
      {
        "type": "Hex High Entropy String",
        "filename": "docs/testing/evidence/paper-soak-19436646/worker-1-probes.ndjson",
        "hashed_secret": "79233b461345475e4363114fa7448d778de60800",
        "is_verified": false,
        "line_number": 13
      },
      {
        "type": "Hex High Entropy String",
        "filename": "docs/testing/evidence/paper-soak-19436646/worker-1-probes.ndjson",
        "hashed_secret": "8d49537f0186f0e5a3143516d9762b8b141fe449",
        "is_verified": false,
        "line_number": 14
      },
      {
        "type": "Hex High Entropy String",
        "filename": "docs/testing/evidence/paper-soak-19436646/worker-1-probes.ndjson",
        "hashed_secret": "d80bbab4874b2df07c1f81a37c1b496a752bb907",
        "is_verified": false,
        "line_number": 15
      },
      {
        "type": "Hex High Entropy String",
        "filename": "docs/testing/evidence/paper-soak-19436646/worker-1-probes.ndjson",
        "hashed_secret": "30b23a32b90906c3a74cc21a13cb1c5bef476744",
        "is_verified": false,
        "line_number": 19
      },
      {
        "type": "Hex High Entropy String",
        "filename": "docs/testing/evidence/paper-soak-19436646/worker-1-probes.ndjson",
        "hashed_secret": "429913efdba6c141dd1c11a07e0ef50e7b47ea70",
        "is_verified": false,
        "line_number": 19
      },
      {
        "type": "Hex High Entropy String",
        "filename": "docs/testing/evidence/paper-soak-19436646/worker-1-probes.ndjson",
        "hashed_secret": "7a18fb2a4b650c906441cb297e22265943411d94",
        "is_verified": false,
        "line_number": 23
      },
      {
        "type": "Hex High Entropy String",
        "filename": "docs/testing/evidence/paper-soak-19436646/worker-1-probes.ndjson",
        "hashed_secret": "e0630816d27af0bde37bd55d248dc9e08a7c7229",
        "is_verified": false,
        "line_number": 25
      },
      {
        "type": "Hex High Entropy String",
        "filename": "docs/testing/evidence/paper-soak-19436646/worker-1-probes.ndjson",
        "hashed_secret": "e9d1fd01117de1fea5164f71f2ff78ee368250b5",
        "is_verified": false,
        "line_number": 25
      },
      {
        "type": "Hex High Entropy String",
        "filename": "docs/testing/evidence/paper-soak-19436646/worker-1-probes.ndjson",
        "hashed_secret": "0dc63e4d4994652acbf91f56b74654fef3b541d3",
        "is_verified": false,
        "line_number": 31
      },
      {
        "type": "Hex High Entropy String",
        "filename": "docs/testing/evidence/paper-soak-19436646/worker-1-probes.ndjson",
        "hashed_secret": "831c9ed772317a202afebd9468617eb8d2b2ad64",
        "is_verified": false,
        "line_number": 31
      },
      {
        "type": "Hex High Entropy String",
        "filename": "docs/testing/evidence/paper-soak-19436646/worker-1-probes.ndjson",
        "hashed_secret": "1a3d414fdb286a12b6ca6294ecc3d9d117f0b41f",
        "is_verified": false,
        "line_number": 37
      },
      {
        "type": "Hex High Entropy String",
        "filename": "docs/testing/evidence/paper-soak-19436646/worker-1-probes.ndjson",
        "hashed_secret": "ba82c1ae65aefa8f8d03102bd6035a38c4845631",
        "is_verified": false,
        "line_number": 37
      },
      {
        "type": "Hex High Entropy String",
        "filename": "docs/testing/evidence/paper-soak-19436646/worker-1-probes.ndjson",
        "hashed_secret": "6cfa836e1d4b040bcea702475771abfcb7cddd05",
        "is_verified": false,
        "line_number": 39
      },
      {
        "type": "Hex High Entropy String",
        "filename": "docs/testing/evidence/paper-soak-19436646/worker-1-probes.ndjson",
        "hashed_secret": "89b6840c967a76f4298f9e7142de00e4db09ee0e",
        "is_verified": false,
        "line_number": 43
      },
      {
        "type": "Hex High Entropy String",
        "filename": "docs/testing/evidence/paper-soak-19436646/worker-1-probes.ndjson",
        "hashed_secret": "c2f4db733ab9b28e351015f6abd1f0ca0511bfd1",
        "is_verified": false,
        "line_number": 43
      },
      {
        "type": "Hex High Entropy String",
        "filename": "docs/testing/evidence/paper-soak-19436646/worker-1-probes.ndjson",
        "hashed_secret": "76968be18942e78e2a696a5654927f52295c99f4",
        "is_verified": false,
        "line_number": 49
      },
      {
        "type": "Hex High Entropy String",
        "filename": "docs/testing/evidence/paper-soak-19436646/worker-1-probes.ndjson",
        "hashed_secret": "f1f26e655762d9039a26245b5b2cbadfb06360e7",
        "is_verified": false,
        "line_number": 49
      },
      {
        "type": "Hex High Entropy String",
        "filename": "docs/testing/evidence/paper-soak-19436646/worker-1-probes.ndjson",
        "hashed_secret": "1f1213c959561f933771afd22c540ebf3e4c726b",
        "is_verified": false,
        "line_number": 55
      },
      {
        "type": "Hex High Entropy String",
        "filename": "docs/testing/evidence/paper-soak-19436646/worker-1-probes.ndjson",
        "hashed_secret": "cedc089fa452346ba3d843a47d6aa45f9cfa4e9c",
        "is_verified": false,
        "line_number": 55
      },
      {
        "type": "Hex High Entropy String",
        "filename": "docs/testing/evidence/paper-soak-19436646/worker-1-probes.ndjson",
        "hashed_secret": "3d5976e6e5e256151527b0ce1199f3b8f71ed825",
        "is_verified": false,
        "line_number": 57
      },
      {
        "type": "Hex High Entropy String",
        "filename": "docs/testing/evidence/paper-soak-19436646/worker-1-probes.ndjson",
        "hashed_secret": "c634aa639a8120a9b5afe0d11957d3afb44ef53c",
        "is_verified": false,
        "line_number": 60
      }
    ],
    "docs/testing/evidence/paper-soak-19436646/worker-1.json": [
      {
        "type": "Hex High Entropy String",
        "filename": "docs/testing/evidence/paper-soak-19436646/worker-1.json",
        "hashed_secret": "d89b530ad682517b632c4f0274e3d19db66bf607",
        "is_verified": false,
        "line_number": 34
      },
      {
        "type": "Hex High Entropy String",
        "filename": "docs/testing/evidence/paper-soak-19436646/worker-1.json",
        "hashed_secret": "59c671685d51ef5d966a7f2d9f297bc7fc604f2c",
        "is_verified": false,
        "line_number": 36
      },
      {
        "type": "Hex High Entropy String",
        "filename": "docs/testing/evidence/paper-soak-19436646/worker-1.json",
        "hashed_secret": "f77efb2dbe3c9112e6a71a6acac889bc3fb1251d",
        "is_verified": false,
        "line_number": 38
      },
      {
        "type": "Hex High Entropy String",
        "filename": "docs/testing/evidence/paper-soak-19436646/worker-1.json",
        "hashed_secret": "79dd6c373f6f2c5f03f67684a29f20b7e61d7d0b",
        "is_verified": false,
        "line_number": 97
      }
    ],
    "python/tests/test_contracts.py": [
      {
        "type": "Hex High Entropy String",
        "filename": "python/tests/test_contracts.py",
        "hashed_secret": "584a646789e2358ab3179d0bf81fb318b790182d",
        "is_verified": false,
        "line_number": 198
      }
    ],
    "schemas/golden/data_quality_v1.json": [
      {
        "type": "Hex High Entropy String",
        "filename": "schemas/golden/data_quality_v1.json",
        "hashed_secret": "11af231fe760a0955bf9bf87e05063e49c3fb6ff",
        "is_verified": false,
        "line_number": 5
      }
    ],
    "schemas/golden/event_intelligence_v1_4.json": [
      {
        "type": "Hex High Entropy String",
        "filename": "schemas/golden/event_intelligence_v1_4.json",
        "hashed_secret": "9f7fe464feefed3dfb85fdd267bc5b4acc24e5a3",
        "is_verified": false,
        "line_number": 5
      }
    ],
    "schemas/golden/model_forecast_v1_1.json": [
      {
        "type": "Hex High Entropy String",
        "filename": "schemas/golden/model_forecast_v1_1.json",
        "hashed_secret": "2d25972bf56f156fef967fe19a523cbdfe34db34",
        "is_verified": false,
        "line_number": 5
      }
    ],
    "schemas/golden/model_forecast_v1_2.json": [
      {
        "type": "Hex High Entropy String",
        "filename": "schemas/golden/model_forecast_v1_2.json",
        "hashed_secret": "5b705a88541ed796d523bba5dedc3289abcf3b95",
        "is_verified": false,
        "line_number": 5
      }
    ],
    "schemas/golden/model_forecast_v1_3.json": [
      {
        "type": "Hex High Entropy String",
        "filename": "schemas/golden/model_forecast_v1_3.json",
        "hashed_secret": "de9a0b61570089a7c1f7831c29c895efcbf16d6c",
        "is_verified": false,
        "line_number": 5
      }
    ]
  },
  "generated_at": "2026-09-08T04:51:04Z"
}
